{
    "profile": "WinXPSP2x86", 
    "number_of_lines": 39, 
    "time_used": 7.2590630054473877, 
    "filename": "/home/scudette/volatility//svn/test_data/xp-laptop-2005-06-25.img", 
    "mode": "ng", 
    "kwargs": {
        "dump_dir": "/tmp/tmp7nWygw"
    }, 
    "output": [
        "**************************************************", 
        "Dumping [no name] @ 0xe102e008 into \"/tmp/tmp7nWygw/_no name_ @ 0xe102e008\"", 
        "Dumped 8192 bytes", 
        "**************************************************", 
        "Dumping \\Device\\HarddiskVolume1\\WINDOWS\\system32\\config\\system @ 0xe1035b60 into \"/tmp/tmp7nWygw/system @ 0xe1035b60\"", 
        "Dumped 5312512 bytes", 
        "**************************************************", 
        "Dumping [no name] @ 0xe1558578 into \"/tmp/tmp7nWygw/_no name_ @ 0xe1558578\"", 
        "Dumped 32768 bytes", 
        "**************************************************", 
        "Dumping \\Device\\HarddiskVolume1\\WINDOWS\\system32\\config\\SECURITY @ 0xe197a758 into \"/tmp/tmp7nWygw/SECURITY @ 0xe197a758\"", 
        "Dumped 57344 bytes", 
        "**************************************************", 
        "Dumping \\Device\\HarddiskVolume1\\WINDOWS\\system32\\config\\software @ 0xe1982008 into \"/tmp/tmp7nWygw/software @ 0xe1982008\"", 
        "Dumped 19623936 bytes", 
        "**************************************************", 
        "Dumping \\Device\\HarddiskVolume1\\WINDOWS\\system32\\config\\default @ 0xe197f758 into \"/tmp/tmp7nWygw/default @ 0xe197f758\"", 
        "Dumped 294912 bytes", 
        "**************************************************", 
        "Dumping \\Device\\HarddiskVolume1\\WINDOWS\\system32\\config\\SAM @ 0xe1986008 into \"/tmp/tmp7nWygw/SAM @ 0xe1986008\"", 
        "Dumped 28672 bytes", 
        "**************************************************", 
        "Dumping \\Device\\HarddiskVolume1\\Documents and Settings\\NetworkService\\Local Settings\\Application Data\\Microsoft\\Windows\\UsrClass.dat @ 0xe1bf1b60 into \"/tmp/tmp7nWygw/UsrClass_dat @ 0xe1bf1b60\"", 
        "Dumped 8192 bytes", 
        "**************************************************", 
        "Dumping \\Device\\HarddiskVolume1\\Documents and Settings\\LocalService\\Local Settings\\Application Data\\Microsoft\\Windows\\UsrClass.dat @ 0xe1bf9008 into \"/tmp/tmp7nWygw/UsrClass_dat @ 0xe1bf9008\"", 
        "Dumped 8192 bytes", 
        "**************************************************", 
        "Dumping \\Device\\HarddiskVolume1\\Documents and Settings\\LocalService\\NTUSER.DAT @ 0xe1c26850 into \"/tmp/tmp7nWygw/NTUSER_DAT @ 0xe1c26850\"", 
        "Dumped 249856 bytes", 
        "**************************************************", 
        "Dumping \\Device\\HarddiskVolume1\\Documents and Settings\\NetworkService\\NTUSER.DAT @ 0xe1c2a758 into \"/tmp/tmp7nWygw/NTUSER_DAT @ 0xe1c2a758\"", 
        "Dumped 249856 bytes", 
        "**************************************************", 
        "Dumping \\Device\\HarddiskVolume1\\Documents and Settings\\Sarah\\Local Settings\\Application Data\\Microsoft\\Windows\\UsrClass.dat @ 0xe1ecd008 into \"/tmp/tmp7nWygw/UsrClass_dat @ 0xe1ecd008\"", 
        "Dumped 8192 bytes", 
        "**************************************************", 
        "Dumping \\Device\\HarddiskVolume1\\Documents and Settings\\Sarah\\NTUSER.DAT @ 0xe1eff758 into \"/tmp/tmp7nWygw/NTUSER_DAT @ 0xe1eff758\"", 
        "Dumped 659456 bytes"
    ], 
    "hashes": {
        "SAM @ 0xe1986008": "fe45c0f684b3a1b8bca6c51ca6e8d20b", 
        "default @ 0xe197f758": "d7400dea92ed8f5907916c1f7190ac72", 
        "NTUSER_DAT @ 0xe1c2a758": "2cfadb3a4caaa9c08f17f29e0c14b4c8", 
        "software @ 0xe1982008": "349715700f6aa3577ff7408dd8eeeedb", 
        "system @ 0xe1035b60": "b149f9fc0c03470b2c195bd0ac697d4b", 
        "NTUSER_DAT @ 0xe1eff758": "a6375e1401b5707e17238530f5bd1cc3", 
        "_no name_ @ 0xe102e008": "0007d85c1916651cdd43b3efadbf8680", 
        "_no name_ @ 0xe1558578": "f2acfeb21ee9a59cc7a1bbde7f9d68f2", 
        "SECURITY @ 0xe197a758": "f94e9e73d565bc7751acd60917519afd", 
        "UsrClass_dat @ 0xe1bf1b60": "4e5772902b77d3c372140c33f8d873e4", 
        "NTUSER_DAT @ 0xe1c26850": "f6029b5889db4d44a99b3acb5184bf58", 
        "UsrClass_dat @ 0xe1bf9008": "78b27a349ec2c4145287e52a5bf5ca73", 
        "UsrClass_dat @ 0xe1ecd008": "0f4387b38c48bdb27608859aba5d9e97"
    }
}